2025-12-20 10:15:00 | DEBUG | repo=pv243-2015-infinispan-seminar | action=commit
2025-02-23 08:52:00 | WARN | repo=pv243-2015-infinispan-seminar | action=commit
2025-01-01 08:39:00 | DEBUG | repo=pv243-2015-infinispan-seminar | action=commit
2025-11-16 18:52:00 | WARN | repo=pv243-2015-infinispan-seminar | action=commit
2025-11-07 21:44:00 | DEBUG | repo=pv243-2015-infinispan-seminar | action=pull
2025-03-03 20:54:00 | WARN | repo=pv243-2015-infinispan-seminar | action=commit
2025-02-15 08:42:00 | DEBUG | repo=pv243-2015-infinispan-seminar | action=pull
2025-08-26 13:35:00 | WARN | repo=pv243-2015-infinispan-seminar | action=commit
2025-05-09 10:57:00 | DEBUG | repo=pv243-2015-infinispan-seminar | action=edit | files=3
2025-04-01 21:29:00 | DEBUG | repo=pv243-2015-infinispan-seminar | action=commit
2025-11-11 14:46:00 | WARN | repo=pv243-2015-infinispan-seminar | action=edit | files=2
2025-02-17 09:59:00 | DEBUG | repo=pv243-2015-infinispan-seminar | action=commit
2025-02-03 17:42:00 | WARN | repo=pv243-2015-infinispan-seminar | action=commit
2025-08-06 15:30:00 | DEBUG | repo=pv243-2015-infinispan-seminar | action=test | passed=true
2025-04-03 21:21:00 | WARN | repo=pv243-2015-infinispan-seminar | action=test | passed=true
2025-09-11 19:12:00 | WARN | repo=pv243-2015-infinispan-seminar | action=commit
2025-09-12 15:27:00 | INFO | repo=pv243-2015-infinispan-seminar | action=commit
2025-01-28 08:04:00 | INFO | repo=pv243-2015-infinispan-seminar | action=commit
2025-07-16 12:47:00 | DEBUG | repo=pv243-2015-infinispan-seminar | action=commit
2025-12-03 08:26:00 | DEBUG | repo=pv243-2015-infinispan-seminar | action=commit
2025-11-01 09:03:00 | DEBUG | repo=pv243-2015-infinispan-seminar | action=edit | files=5
2025-11-10 13:59:00 | WARN | repo=pv243-2015-infinispan-seminar | action=test | passed=true
2025-04-21 18:55:00 | DEBUG | repo=pv243-2015-infinispan-seminar | action=pull
2025-09-05 08:35:00 | WARN | repo=pv243-2015-infinispan-seminar | action=commit
2025-01-21 17:35:00 | WARN | repo=pv243-2015-infinispan-seminar | action=commit
2025-08-14 07:33:00 | INFO | repo=pv243-2015-infinispan-seminar | action=commit
2025-01-24 21:30:00 | WARN | repo=pv243-2015-infinispan-seminar | action=pull
2025-12-02 16:34:00 | INFO | repo=pv243-2015-infinispan-seminar | action=commit
2025-11-02 08:24:00 | WARN | repo=pv243-2015-infinispan-seminar | action=commit
2025-07-23 08:47:00 | DEBUG | repo=pv243-2015-infinispan-seminar | action=test | passed=true
2025-09-20 13:04:00 | INFO | repo=pv243-2015-infinispan-seminar | action=pull
2025-02-04 12:37:00 | INFO | repo=pv243-2015-infinispan-seminar | action=edit | files=5
2025-02-18 14:28:00 | DEBUG | repo=pv243-2015-infinispan-seminar | action=commit
2025-02-19 17:17:00 | DEBUG | repo=pv243-2015-infinispan-seminar | action=commit
2025-08-02 13:45:00 | WARN | repo=pv243-2015-infinispan-seminar | action=pull
2025-10-15 12:26:00 | INFO | repo=pv243-2015-infinispan-seminar | action=commit
2025-05-05 14:38:00 | INFO | repo=pv243-2015-infinispan-seminar | action=commit
2025-06-23 19:27:00 | WARN | repo=pv243-2015-infinispan-seminar | action=commit
2025-02-13 20:35:00 | INFO | repo=pv243-2015-infinispan-seminar | action=test | passed=true
2025-10-18 09:55:00 | WARN | repo=pv243-2015-infinispan-seminar | action=pull
2025-08-17 10:38:00 | WARN | repo=pv243-2015-infinispan-seminar | action=pull
2025-06-19 10:02:00 | WARN | repo=pv243-2015-infinispan-seminar | action=commit
2025-07-11 08:31:00 | WARN | repo=pv243-2015-infinispan-seminar | action=commit
2025-01-20 15:22:00 | WARN | repo=pv243-2015-infinispan-seminar | action=pull
2025-10-28 07:03:00 | INFO | repo=pv243-2015-infinispan-seminar | action=pull
2025-04-24 08:32:00 | INFO | repo=pv243-2015-infinispan-seminar | action=commit
2025-01-01 08:49:00 | WARN | repo=pv243-2015-infinispan-seminar | action=commit
2025-01-17 07:39:00 | DEBUG | repo=pv243-2015-infinispan-seminar | action=commit
2025-04-13 17:25:00 | DEBUG | repo=pv243-2015-infinispan-seminar | action=commit
2025-08-10 20:20:00 | WARN | repo=pv243-2015-infinispan-seminar | action=commit
2025-02-09 13:59:00 | INFO | repo=pv243-2015-infinispan-seminar | action=commit
2025-05-22 08:04:00 | INFO | repo=pv243-2015-infinispan-seminar | action=test | passed=true
2025-06-25 21:03:00 | INFO | repo=pv243-2015-infinispan-seminar | action=commit
2025-06-11 08:24:00 | DEBUG | repo=pv243-2015-infinispan-seminar | action=test | passed=true
2025-02-21 17:11:00 | INFO | repo=pv243-2015-infinispan-seminar | action=commit
2025-01-17 21:45:00 | DEBUG | repo=pv243-2015-infinispan-seminar | action=edit | files=1
2025-03-24 20:09:00 | INFO | repo=pv243-2015-infinispan-seminar | action=commit
2025-04-24 16:06:00 | WARN | repo=pv243-2015-infinispan-seminar | action=commit
2025-10-01 09:10:00 | INFO | repo=pv243-2015-infinispan-seminar | action=commit
2025-06-21 21:36:00 | WARN | repo=pv243-2015-infinispan-seminar | action=commit
2025-08-14 15:37:00 | DEBUG | repo=pv243-2015-infinispan-seminar | action=edit | files=3
2025-05-13 17:43:00 | DEBUG | repo=pv243-2015-infinispan-seminar | action=pull
2025-10-18 07:25:00 | INFO | repo=pv243-2015-infinispan-seminar | action=edit | files=3
2025-02-15 18:20:00 | WARN | repo=pv243-2015-infinispan-seminar | action=test | passed=true
2025-06-06 19:12:00 | WARN | repo=pv243-2015-infinispan-seminar | action=commit
2025-05-19 17:54:00 | INFO | repo=pv243-2015-infinispan-seminar | action=commit
2025-06-01 17:32:00 | DEBUG | repo=pv243-2015-infinispan-seminar | action=commit
2025-07-11 09:14:00 | INFO | repo=pv243-2015-infinispan-seminar | action=commit
2025-04-20 08:18:00 | WARN | repo=pv243-2015-infinispan-seminar | action=edit | files=1
2025-04-24 18:10:00 | DEBUG | repo=pv243-2015-infinispan-seminar | action=commit
2025-01-10 14:47:00 | DEBUG | repo=pv243-2015-infinispan-seminar | action=edit | files=3
2025-02-25 15:13:00 | WARN | repo=pv243-2015-infinispan-seminar | action=commit
2025-09-10 20:13:00 | INFO | repo=pv243-2015-infinispan-seminar | action=pull
2025-04-06 20:58:00 | DEBUG | repo=pv243-2015-infinispan-seminar | action=commit
2025-02-05 11:32:00 | DEBUG | repo=pv243-2015-infinispan-seminar | action=commit
2025-12-18 21:46:00 | INFO | repo=pv243-2015-infinispan-seminar | action=test | passed=true
2025-09-21 20:11:00 | INFO | repo=pv243-2015-infinispan-seminar | action=commit
2025-10-14 10:49:00 | DEBUG | repo=pv243-2015-infinispan-seminar | action=commit
2025-12-12 14:50:00 | INFO | repo=pv243-2015-infinispan-seminar | action=edit | files=3
2025-10-08 08:00:00 | WARN | repo=pv243-2015-infinispan-seminar | action=commit
2025-01-26 18:49:00 | DEBUG | repo=pv243-2015-infinispan-seminar | action=commit
2025-05-01 16:11:00 | INFO | repo=pv243-2015-infinispan-seminar | action=edit | files=2
2025-09-27 07:44:00 | INFO | repo=pv243-2015-infinispan-seminar | action=commit
2025-05-24 14:12:00 | WARN | repo=pv243-2015-infinispan-seminar | action=commit
2025-07-26 16:53:00 | WARN | repo=pv243-2015-infinispan-seminar | action=pull
2025-10-02 17:37:00 | INFO | repo=pv243-2015-infinispan-seminar | action=commit
2025-07-08 13:25:00 | DEBUG | repo=pv243-2015-infinispan-seminar | action=commit
2025-12-15 12:30:00 | WARN | repo=pv243-2015-infinispan-seminar | action=commit
2025-01-22 07:42:00 | INFO | repo=pv243-2015-infinispan-seminar | action=commit
2025-02-20 13:13:00 | INFO | repo=pv243-2015-infinispan-seminar | action=pull
2025-10-15 20:57:00 | DEBUG | repo=pv243-2015-infinispan-seminar | action=test | passed=true
2025-04-16 18:51:00 | INFO | repo=pv243-2015-infinispan-seminar | action=pull
2025-11-27 20:45:00 | INFO | repo=pv243-2015-infinispan-seminar | action=edit | files=1
2025-08-03 11:05:00 | WARN | repo=pv243-2015-infinispan-seminar | action=commit
2025-02-17 20:46:00 | WARN | repo=pv243-2015-infinispan-seminar | action=edit | files=3
2025-12-16 18:08:00 | DEBUG | repo=pv243-2015-infinispan-seminar | action=commit
2025-02-05 14:17:00 | WARN | repo=pv243-2015-infinispan-seminar | action=edit | files=1
2025-02-12 19:07:00 | INFO | repo=pv243-2015-infinispan-seminar | action=commit
2025-03-09 08:36:00 | WARN | repo=pv243-2015-infinispan-seminar | action=test | passed=true
2025-08-26 07:12:00 | DEBUG | repo=pv243-2015-infinispan-seminar | action=commit
2025-12-06 11:32:00 | INFO | repo=pv243-2015-infinispan-seminar | action=edit | files=5
2025-04-24 21:05:00 | DEBUG | repo=pv243-2015-infinispan-seminar | action=commit
2025-07-18 12:41:00 | INFO | repo=pv243-2015-infinispan-seminar | action=edit | files=3
2025-04-18 17:16:00 | INFO | repo=pv243-2015-infinispan-seminar | action=pull
2025-05-22 16:32:00 | INFO | repo=pv243-2015-infinispan-seminar | action=test | passed=true
2025-06-21 16:08:00 | INFO | repo=pv243-2015-infinispan-seminar | action=edit | files=2
2025-03-06 08:11:00 | WARN | repo=pv243-2015-infinispan-seminar | action=commit
2025-01-07 19:46:00 | WARN | repo=pv243-2015-infinispan-seminar | action=edit | files=1
2025-12-20 19:12:00 | DEBUG | repo=pv243-2015-infinispan-seminar | action=commit
2025-12-20 12:07:00 | WARN | repo=pv243-2015-infinispan-seminar | action=commit
2025-07-22 14:21:00 | WARN | repo=pv243-2015-infinispan-seminar | action=commit
2025-01-19 21:53:00 | INFO | repo=pv243-2015-infinispan-seminar | action=commit
2025-06-16 16:55:00 | WARN | repo=pv243-2015-infinispan-seminar | action=commit
